src/services/documentService.ts(181,38): error TS2345: Argument of type '{ data: NonSharedBuffer; transformation: { width: number; height: number; }; }' is not assignable to parameter of type 'IImageOptions'.
  Type '{ data: NonSharedBuffer; transformation: { width: number; height: number; }; }' is not assignable to type 'SvgMediaOptions & CoreImageOptions'.
    Type '{ data: NonSharedBuffer; transformation: { width: number; height: number; }; }' is missing the following properties from type 'SvgMediaOptions': type, fallback
